// Jest Snapshot v1, https://goo.gl/fbAQLP

exports[`should render NotFoundPage correctly 1`] = `
<div
  className="content-container"
>
  Not found - 
  <Link
    to="/"
  >
    Go home
  </Link>
</div>
`;
